// Jest Snapshot v1, https://goo.gl/fbAQLP

exports[`PlantView Renders correctly 1`] = `
ShallowWrapper {
  "length": 1,
  Symbol(enzyme.__root__): [Circular],
  Symbol(enzyme.__unrendered__): <PlantView
    plant={
        Object {
            "humidity_opt": 10,
            "id": "plant1",
            "loudness_opt": 300,
            "name": "fanky",
            "plantStates": Array [
              Object {
                "environment": 0,
                "healht": 1,
                "size": 1337,
              },
            ],
            "radiation_opt": 30,
            "temperature_opt": 20,
          }
    }
/>,
  Symbol(enzyme.__renderer__): Object {
    "batchedUpdates": [Function],
    "getNode": [Function],
    "render": [Function],
    "simulateEvent": [Function],
    "unmount": [Function],
  },
  Symbol(enzyme.__node__): Object {
    "instance": null,
    "key": undefined,
    "nodeType": "host",
    "props": Object {
      "children": <Grid>
        <GridColumn
                verticalAlign="middle"
                width={4}
        >
                <IndividualImage
                        id="plant1"
                />
        </GridColumn>
        <GridColumn
                verticalAlign="middle"
                width={4}
        >
                <Popup
                        basic={true}
                        content="Show plant details"
                        keepInViewPort={true}
                        on="hover"
                        position="top left"
                        trigger={
                                <a
                                        onClick={[Function]}
                                >
                                        <h2>
                                                fanky
                                        </h2>
                                </a>
                        }
                />
        </GridColumn>
        <GridColumn
                verticalAlign="middle"
                width={4}
        >
                <HealthIcon
                        health={0}
                />
        </GridColumn>
        <GridColumn
                verticalAlign="middle"
                width={4}
        >
                <ArduLoader
                        health={0}
                        plantId="plant1"
                        plantName="fanky"
                />
        </GridColumn>
</Grid>,
    },
    "ref": null,
    "rendered": Object {
      "instance": null,
      "key": undefined,
      "nodeType": "function",
      "props": Object {
        "children": Array [
          <GridColumn
            verticalAlign="middle"
            width={4}
>
            <IndividualImage
                        id="plant1"
            />
</GridColumn>,
          <GridColumn
            verticalAlign="middle"
            width={4}
>
            <Popup
                        basic={true}
                        content="Show plant details"
                        keepInViewPort={true}
                        on="hover"
                        position="top left"
                        trigger={
                                    <a
                                                onClick={[Function]}
                                    >
                                                <h2>
                                                            fanky
                                                </h2>
                                    </a>
                        }
            />
</GridColumn>,
          <GridColumn
            verticalAlign="middle"
            width={4}
>
            <HealthIcon
                        health={0}
            />
</GridColumn>,
          <GridColumn
            verticalAlign="middle"
            width={4}
>
            <ArduLoader
                        health={0}
                        plantId="plant1"
                        plantName="fanky"
            />
</GridColumn>,
        ],
      },
      "ref": null,
      "rendered": Array [
        Object {
          "instance": null,
          "key": undefined,
          "nodeType": "function",
          "props": Object {
            "children": <IndividualImage
              id="plant1"
/>,
            "verticalAlign": "middle",
            "width": 4,
          },
          "ref": null,
          "rendered": Object {
            "instance": null,
            "key": undefined,
            "nodeType": "class",
            "props": Object {
              "id": "plant1",
            },
            "ref": null,
            "rendered": null,
            "type": [Function],
          },
          "type": [Function],
        },
        Object {
          "instance": null,
          "key": undefined,
          "nodeType": "function",
          "props": Object {
            "children": <Popup
              basic={true}
              content="Show plant details"
              keepInViewPort={true}
              on="hover"
              position="top left"
              trigger={
                            <a
                                          onClick={[Function]}
                            >
                                          <h2>
                                                        fanky
                                          </h2>
                            </a>
              }
/>,
            "verticalAlign": "middle",
            "width": 4,
          },
          "ref": null,
          "rendered": Object {
            "instance": null,
            "key": undefined,
            "nodeType": "class",
            "props": Object {
              "basic": true,
              "content": "Show plant details",
              "keepInViewPort": true,
              "on": "hover",
              "position": "top left",
              "trigger": <a
                onClick={[Function]}
>
                <h2>
                                fanky
                </h2>
</a>,
            },
            "ref": null,
            "rendered": null,
            "type": [Function],
          },
          "type": [Function],
        },
        Object {
          "instance": null,
          "key": undefined,
          "nodeType": "function",
          "props": Object {
            "children": <HealthIcon
              health={0}
/>,
            "verticalAlign": "middle",
            "width": 4,
          },
          "ref": null,
          "rendered": Object {
            "instance": null,
            "key": undefined,
            "nodeType": "class",
            "props": Object {
              "health": 0,
            },
            "ref": null,
            "rendered": null,
            "type": [Function],
          },
          "type": [Function],
        },
        Object {
          "instance": null,
          "key": undefined,
          "nodeType": "function",
          "props": Object {
            "children": <ArduLoader
              health={0}
              plantId="plant1"
              plantName="fanky"
/>,
            "verticalAlign": "middle",
            "width": 4,
          },
          "ref": null,
          "rendered": Object {
            "instance": null,
            "key": undefined,
            "nodeType": "class",
            "props": Object {
              "health": 0,
              "plantId": "plant1",
              "plantName": "fanky",
            },
            "ref": null,
            "rendered": null,
            "type": [Function],
          },
          "type": [Function],
        },
      ],
      "type": [Function],
    },
    "type": "div",
  },
  Symbol(enzyme.__nodes__): Array [
    Object {
      "instance": null,
      "key": undefined,
      "nodeType": "host",
      "props": Object {
        "children": <Grid>
          <GridColumn
                    verticalAlign="middle"
                    width={4}
          >
                    <IndividualImage
                              id="plant1"
                    />
          </GridColumn>
          <GridColumn
                    verticalAlign="middle"
                    width={4}
          >
                    <Popup
                              basic={true}
                              content="Show plant details"
                              keepInViewPort={true}
                              on="hover"
                              position="top left"
                              trigger={
                                        <a
                                                  onClick={[Function]}
                                        >
                                                  <h2>
                                                            fanky
                                                  </h2>
                                        </a>
                              }
                    />
          </GridColumn>
          <GridColumn
                    verticalAlign="middle"
                    width={4}
          >
                    <HealthIcon
                              health={0}
                    />
          </GridColumn>
          <GridColumn
                    verticalAlign="middle"
                    width={4}
          >
                    <ArduLoader
                              health={0}
                              plantId="plant1"
                              plantName="fanky"
                    />
          </GridColumn>
</Grid>,
      },
      "ref": null,
      "rendered": Object {
        "instance": null,
        "key": undefined,
        "nodeType": "function",
        "props": Object {
          "children": Array [
            <GridColumn
              verticalAlign="middle"
              width={4}
>
              <IndividualImage
                            id="plant1"
              />
</GridColumn>,
            <GridColumn
              verticalAlign="middle"
              width={4}
>
              <Popup
                            basic={true}
                            content="Show plant details"
                            keepInViewPort={true}
                            on="hover"
                            position="top left"
                            trigger={
                                          <a
                                                        onClick={[Function]}
                                          >
                                                        <h2>
                                                                      fanky
                                                        </h2>
                                          </a>
                            }
              />
</GridColumn>,
            <GridColumn
              verticalAlign="middle"
              width={4}
>
              <HealthIcon
                            health={0}
              />
</GridColumn>,
            <GridColumn
              verticalAlign="middle"
              width={4}
>
              <ArduLoader
                            health={0}
                            plantId="plant1"
                            plantName="fanky"
              />
</GridColumn>,
          ],
        },
        "ref": null,
        "rendered": Array [
          Object {
            "instance": null,
            "key": undefined,
            "nodeType": "function",
            "props": Object {
              "children": <IndividualImage
                id="plant1"
/>,
              "verticalAlign": "middle",
              "width": 4,
            },
            "ref": null,
            "rendered": Object {
              "instance": null,
              "key": undefined,
              "nodeType": "class",
              "props": Object {
                "id": "plant1",
              },
              "ref": null,
              "rendered": null,
              "type": [Function],
            },
            "type": [Function],
          },
          Object {
            "instance": null,
            "key": undefined,
            "nodeType": "function",
            "props": Object {
              "children": <Popup
                basic={true}
                content="Show plant details"
                keepInViewPort={true}
                on="hover"
                position="top left"
                trigger={
                                <a
                                                onClick={[Function]}
                                >
                                                <h2>
                                                                fanky
                                                </h2>
                                </a>
                }
/>,
              "verticalAlign": "middle",
              "width": 4,
            },
            "ref": null,
            "rendered": Object {
              "instance": null,
              "key": undefined,
              "nodeType": "class",
              "props": Object {
                "basic": true,
                "content": "Show plant details",
                "keepInViewPort": true,
                "on": "hover",
                "position": "top left",
                "trigger": <a
                  onClick={[Function]}
>
                  <h2>
                                    fanky
                  </h2>
</a>,
              },
              "ref": null,
              "rendered": null,
              "type": [Function],
            },
            "type": [Function],
          },
          Object {
            "instance": null,
            "key": undefined,
            "nodeType": "function",
            "props": Object {
              "children": <HealthIcon
                health={0}
/>,
              "verticalAlign": "middle",
              "width": 4,
            },
            "ref": null,
            "rendered": Object {
              "instance": null,
              "key": undefined,
              "nodeType": "class",
              "props": Object {
                "health": 0,
              },
              "ref": null,
              "rendered": null,
              "type": [Function],
            },
            "type": [Function],
          },
          Object {
            "instance": null,
            "key": undefined,
            "nodeType": "function",
            "props": Object {
              "children": <ArduLoader
                health={0}
                plantId="plant1"
                plantName="fanky"
/>,
              "verticalAlign": "middle",
              "width": 4,
            },
            "ref": null,
            "rendered": Object {
              "instance": null,
              "key": undefined,
              "nodeType": "class",
              "props": Object {
                "health": 0,
                "plantId": "plant1",
                "plantName": "fanky",
              },
              "ref": null,
              "rendered": null,
              "type": [Function],
            },
            "type": [Function],
          },
        ],
        "type": [Function],
      },
      "type": "div",
    },
  ],
  Symbol(enzyme.__options__): Object {
    "adapter": ReactFifteenAdapter {
      "options": Object {
        "supportPrevContextArgumentOfComponentDidUpdate": true,
      },
    },
  },
}
`;
